// Jest Snapshot v1, https://goo.gl/fbAQLP

exports[`check 1`] = `[Function]`;
